
 RUN  v4.1.10 /Users/tongshan/Documents/SciSpark_paper_manager

 ❯ src/lib/extensions/__tests__/discovery.test.ts (20 tests | 4 failed) 810ms
     × finishes authorized publication before a competing revoke can complete 51ms
     × rechecks expiry after closure validation before any catalog/binding publication 53ms
     × does not persist a review preview when consent expires during resource validation 36ms
     × serializes final review preview persistence with revoke without nesting deadlocks 34ms

⎯⎯⎯⎯⎯⎯⎯ Failed Tests 4 ⎯⎯⎯⎯⎯⎯⎯

 FAIL  src/lib/extensions/__tests__/discovery.test.ts > discovery publication consent races > finishes authorized publication before a competing revoke can complete
AssertionError: expected 'revoked' to be 'pending' // Object.is equality

Expected: "pending"
Received: "revoked"

 ❯ src/lib/extensions/__tests__/discovery.test.ts:219:134
    217|       // A completed revoke is forbidden while a grant-authorized publ…
    218|       // paused before catalog/binding writes. This fails the review's…
    219|       expect(await Promise.race([revoking.then(() => "revoked"), new P…
       |                                                                                                                                      ^
    220|     } finally { gate.release(); await Promise.all([committing, revokin…
    221|     expect(events).toEqual(["committed", "revoked"])

⎯⎯⎯⎯⎯⎯⎯⎯⎯⎯⎯⎯⎯⎯⎯⎯⎯⎯⎯⎯⎯⎯⎯⎯[1/4]⎯

 FAIL  src/lib/extensions/__tests__/discovery.test.ts > discovery publication consent races > rechecks expiry after closure validation before any catalog/binding publication
AssertionError: promise resolved "[ { …(4) } ]" instead of rejecting

- Expected:
Error {
  "message": "rejected promise",
}

+ Received:
[
  {
    "digest": "199d6699e80968f3ab4b34b6204f8a9df9198bdd267fcaf1786555c760bc5666",
    "packageId": "import.867cfe8dc49f3bdaca64d691b7253491",
    "skillId": "one/SKILL.md",
    "version": "9a7351733ebe03d6d818ee255c7ee4cce30f42451775cb7d9653615d55f49149",
  },
]

 ❯ src/lib/extensions/__tests__/discovery.test.ts:246:61
    244|       return result
    245|     })
    246|     await expect(commitImport(f.ctx, f.reviewed.id, f.refs)).rejects.t…
       |                                                             ^
    247|     expect((await extensionStore.readProfileTools(f.ctx))?.enabled ?? …
    248|     expect(await readImportedManifests(f.ctx)).toEqual([])

⎯⎯⎯⎯⎯⎯⎯⎯⎯⎯⎯⎯⎯⎯⎯⎯⎯⎯⎯⎯⎯⎯⎯⎯[2/4]⎯

 FAIL  src/lib/extensions/__tests__/discovery.test.ts > discovery publication consent races > does not persist a review preview when consent expires during resource validation
AssertionError: promise resolved "{ schemaVersion: 1, …(7) }" instead of rejecting

- Expected
+ Received

- Error {
-   "message": "rejected promise",
+ {
+   "id": "23fcfc0d-68b3-4628-9aad-864589326904",
+   "profileId": "442599b0-5671-429a-827c-d90813a1f182",
+   "recognizedMetadata": [
+     "one/SKILL.md",
+   ],
+   "schemaVersion": 1,
+   "stageId": "546e1290-3944-417b-91ae-30cb1b4e6ac1",
+   "tools": [
+     {
+       "compatibility": {
+         "reasons": [],
+         "status": "ready",
+       },
+       "files": [
+         {
+           "bytes": 82,
+           "path": "one/SKILL.md",
+           "sha256": "49d6767918b2c3627af81f37feabe8f9162d6f3fac14ceef38c61f1a408abea7",
+         },
+       ],
+       "hostUnsupported": [],
+       "inferred": false,
+       "manifest": {
+         "capabilities": [],
+         "connections": [],
+         "dependencies": [],
+         "description": "Literature research and citations",
+         "engines": [],
+         "entrypoint": "one/SKILL.md",
+         "inputSchema": {
+           "additionalProperties": false,
+           "type": "object",
+         },
+         "kind": "instructions",
+         "name": "Research",
+         "outputKinds": [
+           "markdown",
+         ],
+         "provenance": {
+           "locator": "agent-package:6f760af98f979e35264849c54a58162cfd49abf4cbb0d16a20c688e470190fdc",
+           "revision": "9a7351733ebe03d6d818ee255c7ee4cce30f42451775cb7d9653615d55f49149",
+           "source": "agent",
+         },
+         "ref": {
+           "digest": "635bef56ff7b2b43620e019c6180daa01b1aff1208987f8768be5fd330e8a33b",
+           "packageId": "import.c67e71995642b8b1f54657faacd2d745",
+           "skillId": "one/SKILL.md",
+           "version": "9a7351733ebe03d6d818ee255c7ee4cce30f42451775cb7d9653615d55f49149",
+         },
+         "resources": [],
+       },
+       "proposal": {
+         "capabilities": [],
+         "connections": [],
+         "dependencies": [],
+         "dependencySlots": [],
+         "description": "Literature research and citations",
+         "engines": [],
+         "entrypoint": "one/SKILL.md",
+         "inputSchema": {
+           "additionalProperties": false,
+           "type": "object",
+         },
+         "kind": "instructions",
+         "name": "Research",
+         "outputKinds": [
+           "markdown",
+         ],
+         "resources": [],
+         "setup": {
+           "commands": [],
+           "runtimes": [],
+           "unsupported": [],
+         },
+         "skillId": "one/SKILL.md",
+       },
+       "requirements": {
+         "commands": [],
+         "runtimes": [],
+         "unsupported": [],
+       },
+       "reviewed": true,
+     },
+   ],
+   "vaultId": "aaaaaaaaaaaaaaaaaaaaaaaaaaaaaaaaaaaaaaaaaaaaaaaaaaaaaaaaaaaaaaaa",
+   "warnings": [],
  }

 ❯ src/lib/extensions/__tests__/discovery.test.ts:258:90
    256|       return result
    257|     })
    258|     await expect(reviewImport(f.ctx, f.preview.id, f.preview.tools.map…
       |                                                                                          ^
    259|     expect(await storage.list("imports/previews/")).toEqual(before)
    260|   })

⎯⎯⎯⎯⎯⎯⎯⎯⎯⎯⎯⎯⎯⎯⎯⎯⎯⎯⎯⎯⎯⎯⎯⎯[3/4]⎯

 FAIL  src/lib/extensions/__tests__/discovery.test.ts > discovery publication consent races > serializes final review preview persistence with revoke without nesting deadlocks
AssertionError: expected 'revoked' to be 'pending' // Object.is equality

Expected: "pending"
Received: "revoked"

 ❯ src/lib/extensions/__tests__/discovery.test.ts:270:138
    268|     await gate.reached
    269|     const revoking = revokeDiscovery(f.ctx, f.grant.id).then(() => { e…
    270|     try { expect(await Promise.race([revoking.then(() => "revoked"), n…
       |                                                                                                                                          ^
    271|     finally { gate.release(); await Promise.all([saving, revoking]) }
    272|     expect(events).toEqual(["saved", "revoked"])

⎯⎯⎯⎯⎯⎯⎯⎯⎯⎯⎯⎯⎯⎯⎯⎯⎯⎯⎯⎯⎯⎯⎯⎯[4/4]⎯


 Test Files  1 failed (1)
      Tests  4 failed | 16 passed (20)
   Start at  14:33:02
   Duration  1.48s (transform 289ms, setup 0ms, import 521ms, tests 810ms, environment 0ms)

